$ nix build --no-link --print-out-paths -L '.#tiny-stories-1m-kev-gpt-exact-torch'
exit_code: 1
--- stdout ---
--- stderr ---
this derivation will be built:
  /nix/store/p6a0vqkd99vsxdwcyrrwxini2pj6lfws-tiny-stories-1m-kev-gpt-exact-torch.mlir.drv
building '/nix/store/p6a0vqkd99vsxdwcyrrwxini2pj6lfws-tiny-stories-1m-kev-gpt-exact-torch.mlir.drv'...
tiny-stories> /nix/store/mkgmf27sxf4i2ar26ym2jg3wzg14bivz-python3-3.11.14-env/lib/python3.11/site-packages/torch/export/pt2_archive/_package.py:682: UserWarning: The given buffer is not writable, and PyTorch does not support non-writable tensors. This means you can write to the underlying (supposedly non-writable) buffer using the tensor. You may want to copy the buffer to protect its data or make it writable before converting it to a tensor. This type of warning will be suppressed for the rest of this program. (Triggered internally at /build/pytorch/torch/csrc/utils/tensor_new.cpp:1581.)
tiny-stories>   tensor = torch.frombuffer(
tiny-stories> loc("/build/exact-adapter-root/TinyStories/model_adapter_exact_package.py":879:0): error: failed to legalize operation 'torch.operator' that was explicitly marked illegal
tiny-stories> Traceback (most recent call last):
tiny-stories>   File "/nix/store/4m5r65n6lah54a4v0y71gpcdppwi7fjj-compile-pytorch.py", line 73, in <module>
tiny-stories>     main()
tiny-stories>   File "/nix/store/4m5r65n6lah54a4v0y71gpcdppwi7fjj-compile-pytorch.py", line 46, in main
tiny-stories>     module = export_and_import(exported, output_type=args.output_type)
tiny-stories>              ^^^^^^^^^^^^^^^^^^^^^^^^^^^^^^^^^^^^^^^^^^^^^^^^^^^^^^^^^
tiny-stories>   File "/nix/store/80aad3hp8r9wn2k18drwg66j4cykvnck-torch-mlir-0-unstable-2026-02-12/lib/python3.11/site-packages/torch_mlir/torch_mlir/fx.py", line 147, in export_and_import
tiny-stories>     return _module_lowering(
tiny-stories>            ^^^^^^^^^^^^^^^^^
tiny-stories>   File "/nix/store/80aad3hp8r9wn2k18drwg66j4cykvnck-torch-mlir-0-unstable-2026-02-12/lib/python3.11/site-packages/torch_mlir/torch_mlir/fx.py", line 80, in _module_lowering
tiny-stories>     run_pipeline_with_repro_report(
tiny-stories>   File "/nix/store/80aad3hp8r9wn2k18drwg66j4cykvnck-torch-mlir-0-unstable-2026-02-12/lib/python3.11/site-packages/torch_mlir/torch_mlir/compiler_utils.py", line 136, in run_pipeline_with_repro_report
tiny-stories>     raise TorchMlirCompilerError(trimmed_message) from None
tiny-stories> torch_mlir.compiler_utils.TorchMlirCompilerError: Lowering TorchFX IR -> Torch Backend IR failed with the following diagnostics:
tiny-stories>
tiny-stories>
tiny-stories> python exception: Failure while executing pass pipeline
tiny-stories>
tiny-stories> For Torch-MLIR developers, the error can be reproduced with:
tiny-stories> $ torch-mlir-opt -pass-pipeline='builtin.module(func.func(torch-match-quantized-custom-ops), torchdynamo-export-to-torch-backend-pipeline{ extra-library=})' /build/UnnammedModule.mlir
tiny-stories> Add '-mlir-print-ir-after-all -mlir-disable-threading' to get the IR dump for debugging purpose.
tiny-stories>
error: Cannot build '/nix/store/p6a0vqkd99vsxdwcyrrwxini2pj6lfws-tiny-stories-1m-kev-gpt-exact-torch.mlir.drv'.
       Reason: builder failed with exit code 1.
       Output paths:
         /nix/store/s3rp9h0pkj1dpvw3sgy0yl72zi5c2sxz-tiny-stories-1m-kev-gpt-exact-torch.mlir
       Last 25 log lines:
       > /nix/store/mkgmf27sxf4i2ar26ym2jg3wzg14bivz-python3-3.11.14-env/lib/python3.11/site-packages/torch/export/pt2_archive/_package.py:682: UserWarning: The given buffer is not writable, and PyTorch does not support non-writable tensors. This means you can write to the underlying (supposedly non-writable) buffer using the tensor. You may want to copy the buffer to protect its data or make it writable before converting it to a tensor. This type of warning will be suppressed for the rest of this program. (Triggered internally at /build/pytorch/torch/csrc/utils/tensor_new.cpp:1581.)
       >   tensor = torch.frombuffer(
       > loc("/build/exact-adapter-root/TinyStories/model_adapter_exact_package.py":879:0): error: failed to legalize operation 'torch.operator' that was explicitly marked illegal
       > Traceback (most recent call last):
       >   File "/nix/store/4m5r65n6lah54a4v0y71gpcdppwi7fjj-compile-pytorch.py", line 73, in <module>
       >     main()
       >   File "/nix/store/4m5r65n6lah54a4v0y71gpcdppwi7fjj-compile-pytorch.py", line 46, in main
       >     module = export_and_import(exported, output_type=args.output_type)
       >              ^^^^^^^^^^^^^^^^^^^^^^^^^^^^^^^^^^^^^^^^^^^^^^^^^^^^^^^^^
       >   File "/nix/store/80aad3hp8r9wn2k18drwg66j4cykvnck-torch-mlir-0-unstable-2026-02-12/lib/python3.11/site-packages/torch_mlir/torch_mlir/fx.py", line 147, in export_and_import
       >     return _module_lowering(
       >            ^^^^^^^^^^^^^^^^^
       >   File "/nix/store/80aad3hp8r9wn2k18drwg66j4cykvnck-torch-mlir-0-unstable-2026-02-12/lib/python3.11/site-packages/torch_mlir/torch_mlir/fx.py", line 80, in _module_lowering
       >     run_pipeline_with_repro_report(
       >   File "/nix/store/80aad3hp8r9wn2k18drwg66j4cykvnck-torch-mlir-0-unstable-2026-02-12/lib/python3.11/site-packages/torch_mlir/torch_mlir/compiler_utils.py", line 136, in run_pipeline_with_repro_report
       >     raise TorchMlirCompilerError(trimmed_message) from None
       > torch_mlir.compiler_utils.TorchMlirCompilerError: Lowering TorchFX IR -> Torch Backend IR failed with the following diagnostics:
       >
       >
       > python exception: Failure while executing pass pipeline
       >
       > For Torch-MLIR developers, the error can be reproduced with:
       > $ torch-mlir-opt -pass-pipeline='builtin.module(func.func(torch-match-quantized-custom-ops), torchdynamo-export-to-torch-backend-pipeline{ extra-library=})' /build/UnnammedModule.mlir
       > Add '-mlir-print-ir-after-all -mlir-disable-threading' to get the IR dump for debugging purpose.
       >
       For full logs, run:
         nix log /nix/store/p6a0vqkd99vsxdwcyrrwxini2pj6lfws-tiny-stories-1m-kev-gpt-exact-torch.mlir.drv
